# Bake Begins!
### (1 of 6) Copy sources
$ cp -a /home/travis/build/fontdirectory/headlandone/METADATA.json /home/travis/build/fontdirectory/headlandone/builds/build
$ cp -a /home/travis/build/fontdirectory/headlandone/DESCRIPTION.en_us.html /home/travis/build/fontdirectory/headlandone/builds/build
$ cp -a /home/travis/build/fontdirectory/headlandone/FONTLOG.txt /home/travis/build/fontdirectory/headlandone/builds/build
$ cp -a HeadlandOne-Regular.ttf.ttx src/HeadlandOne-Regular.otf.ttx src/HeadlandOne-Regular-TTF.sfd src/HeadlandOne-Regular-OTF.sfd HeadlandOne-Regular.ttf._c_m_a_p.ttx HeadlandOne-Regular.ttf._p_o_s_t.ttx HeadlandOne-Regular.ttf._g_l_y_f.ttx HeadlandOne-Regular.ttf._h_m_t_x.ttx HeadlandOne-Regular.ttf._p_r_e_p.ttx HeadlandOne-Regular.ttf._c_v_t.ttx HeadlandOne-Regular.ttf._h_e_a_d.ttx HeadlandOne-Regular.ttf._g_a_s_p.ttx HeadlandOne-Regular.ttf._m_a_x_p.ttx HeadlandOne-Regular.ttf._h_h_e_a.ttx HeadlandOne-Regular.ttf._n_a_m_e.ttx HeadlandOne-Regular.ttf._l_o_c_a.ttx HeadlandOne-Regular.ttf.G_D_E_F_.ttx HeadlandOne-Regular.ttf._f_p_g_m.ttx HeadlandOne-Regular.ttf.O_S_2f_2.ttx HeadlandOne-Regular.ttf.F_F_T_M_.ttx HeadlandOne-Regular.ttf.GlyphOrder.ttx src/HeadlandOne-Regular.otf._n_a_m_e.ttx src/HeadlandOne-Regular.otf._p_o_s_t.ttx src/HeadlandOne-Regular.otf._c_m_a_p.ttx src/HeadlandOne-Regular.otf.C_F_F_.ttx src/HeadlandOne-Regular.otf._h_e_a_d.ttx src/HeadlandOne-Regular.otf._h_m_t_x.ttx src/HeadlandOne-Regular.otf.GlyphOrder.ttx src/HeadlandOne-Regular.otf._m_a_x_p.ttx src/HeadlandOne-Regular.otf.O_S_2f_2.ttx src/HeadlandOne-Regular.otf._h_h_e_a.ttx /home/travis/build/fontdirectory/headlandone/builds/build/sources
### (2 of 6) pyfontaine
### (3 of 6) Run upstream tests
$ bakery-lint.py upstream-repo sources
$ fontaine --collections subsets --text /home/travis/build/fontdirectory/headlandone/builds/build/sources/HeadlandOne-Regular.otf.ttx /home/travis/build/fontdirectory/headlandone/builds/build/sources/HeadlandOne-Regular.ttf.ttx /home/travis/build/fontdirectory/headlandone/builds/build/sources/HeadlandOne-Regular-TTF.sfd /home/travis/build/fontdirectory/headlandone/builds/build/sources/HeadlandOne-Regular-OTF.sfd > fontaine.txt
WARNING: Please install [PyICU](https://pypi.python.org/pypi/PyICU) toenable [feature], perhaps with: pip install pyicu
pyfontaine error: Not a TrueType or OpenType font (bad sfntVersion)
pyfontaine process has been failed
bakery_lint.tests.upstream.test_prepolation.FontTestPrepolation.test_font_prepolation_glyph_contours(): OK
bakery_lint.tests.upstream.test_prepolation.FontTestPrepolation.test_font_prepolation_glyph_points(): OK
bakery_lint.tests.upstream.test_prepolation.FontTestPrepolation.test_font_test_prepolation_glyph_names(): OK
bakery_lint.tests.upstream.test_check_upstream_sources.ProjectUpstreamTestCase.test_bakery_yaml_exists(): OK
bakery_lint.tests.upstream.test_check_upstream_sources.ProjectUpstreamTestCase.test_copyright_notices_same_across_family(): OK
bakery_lint.tests.upstream.test_check_upstream_sources.ProjectUpstreamTestCase.test_description_html_exists(): OK
bakery_lint.tests.upstream.test_check_upstream_sources.ProjectUpstreamTestCase.test_fontlog_txt_exists(): OK
bakery_lint.tests.upstream.test_check_upstream_sources.ProjectUpstreamTestCase.test_metadata_json_exists(): OK
bakery_lint.tests.upstream.test_diacritic.TestDiacritic.test_diacritic_made_as_component(): OK
bakery_lint.tests.upstream.test_diacritic.TestDiacritic.test_diacritic_made_as_mark_to_mark(): OK
bakery_lint.tests.upstream.test_diacritic.TestDiacritic.test_diacritic_made_as_own_glyphs(): OK
$ bakery-lint.py upstream-ttx HeadlandOne-Regular.otf.ttx
bakery_lint.tests.upstream.test_check_ttx_requirements.SourceTTXTest.test_epar_in_keys(): FAIL
bakery_lint.tests.upstream.test_check_ttx_requirements.SourceTTXTest.test_os2_in_keys(): OK
bakery_lint.tests.upstream.test_check_ttx_requirements.SourceTTXTest.test_ttx_doesnt_contain_duplicate_glyphs(): OK
bakery_lint.tests.upstream.test_glyphname_does_not_contain_disallowed_chars.TestGlyphNameDoesNotContainsDisallowedChars.test_glyphname_does_not_contain_disallowed_chars(): FAIL
bakery_lint.tests.upstream.test_check_ttx_fontfamily_recommendations.TTX_FontFamilyNamingTest.test_ttx_family_naming_recommendation(): OK
bakery_lint.tests.upstream.test_font_filename_eq_familystyle.TestTTFSourceFontFileNameEqualsFamilyStyle.test_source_ttf_font_filename_equals_familystyle(): FAIL
$ mv /home/travis/build/fontdirectory/headlandone/builds/build/sources/HeadlandOne-Regular.otf.ttx /home/travis/build/fontdirectory/headlandone/builds/build/sources/HeadlandOne-Regular.ttx
bakery_lint.tests.upstream.test_font_filename_eq_familystyle.TestTTFSourceFontFileNameEqualsFamilyStyle.test_source_ttf_font_filename_equals_familystyle(): OK
$ bakery-lint.py upstream-ttx HeadlandOne-Regular.ttf.ttx
bakery_lint.tests.upstream.test_check_ttx_requirements.SourceTTXTest.test_epar_in_keys(): FAIL
bakery_lint.tests.upstream.test_check_ttx_requirements.SourceTTXTest.test_os2_in_keys(): OK
bakery_lint.tests.upstream.test_check_ttx_requirements.SourceTTXTest.test_ttx_doesnt_contain_duplicate_glyphs(): OK
bakery_lint.tests.upstream.test_glyphname_does_not_contain_disallowed_chars.TestGlyphNameDoesNotContainsDisallowedChars.test_glyphname_does_not_contain_disallowed_chars(): FAIL
bakery_lint.tests.upstream.test_check_ttx_fontfamily_recommendations.TTX_FontFamilyNamingTest.test_ttx_family_naming_recommendation(): OK
bakery_lint.tests.upstream.test_font_filename_eq_familystyle.TestTTFSourceFontFileNameEqualsFamilyStyle.test_source_ttf_font_filename_equals_familystyle(): FAIL
$ mv /home/travis/build/fontdirectory/headlandone/builds/build/sources/HeadlandOne-Regular.ttf.ttx /home/travis/build/fontdirectory/headlandone/builds/build/sources/HeadlandOne-Regular.ttx
bakery_lint.tests.upstream.test_font_filename_eq_familystyle.TestTTFSourceFontFileNameEqualsFamilyStyle.test_source_ttf_font_filename_equals_familystyle(): OK
$ bakery-lint.py upstream HeadlandOne-Regular-TTF.sfd
bakery_lint.tests.upstream.test_check_ufo_fontfamily_recommendations.TestUFOFontFamilyNamingTest.test_familyname_less_than_32_chars(): OK
bakery_lint.tests.upstream.test_check_ufo_fontfamily_recommendations.TestUFOFontFamilyNamingTest.test_fullfontname_less_than_64_chars(): OK
bakery_lint.tests.upstream.test_check_ufo_fontfamily_recommendations.TestUFOFontFamilyNamingTest.test_postscriptname_consistof_allowed_chars(): OK
bakery_lint.tests.upstream.test_check_ufo_fontfamily_recommendations.TestUFOFontFamilyNamingTest.test_postscriptname_less_than_30_chars(): OK
bakery_lint.tests.upstream.test_check_ufo_fontfamily_recommendations.TestUFOFontFamilyNamingTest.test_stylename_less_than_32_chars(): OK
bakery_lint.tests.upstream.test_check_ufo_fontfamily_recommendations.TestUFOFontFamilyNamingTest.test_weight_value_range_between_250_and_900(): OK
bakery_lint.tests.upstream.test_font_filename_eq_familystyle.TestTTFSourceFontFileNameEqualsFamilyStyle.test_source_ttf_font_filename_equals_familystyle(): ERROR
bakery_lint.tests.upstream.test_check_ufo_requirements.UfoOpenTest.test_has_rupee(): ERROR
bakery_lint.tests.upstream.test_check_ufo_requirements.UfoOpenTest.test_is_A(): ERROR
bakery_lint.tests.upstream.test_check_ufo_requirements.UfoOpenTest.test_is_A_a_glyph_instance(): ERROR
bakery_lint.tests.upstream.test_check_ufo_requirements.UfoOpenTest.test_is_ended_ufo(): ERROR
bakery_lint.tests.upstream.test_check_ufo_requirements.UfoOpenTest.test_is_folder(): ERROR
bakery_lint.tests.upstream.test_check_ufo_requirements.UfoOpenTest.test_is_fsType_eq_1(): ERROR
bakery_lint.tests.upstream.test_check_ufo_requirements.UfoOpenTest.test_it_exists(): ERROR
$ bakery-lint.py upstream HeadlandOne-Regular-OTF.sfd
bakery_lint.tests.upstream.test_check_ufo_fontfamily_recommendations.TestUFOFontFamilyNamingTest.test_familyname_less_than_32_chars(): OK
bakery_lint.tests.upstream.test_check_ufo_fontfamily_recommendations.TestUFOFontFamilyNamingTest.test_fullfontname_less_than_64_chars(): OK
bakery_lint.tests.upstream.test_check_ufo_fontfamily_recommendations.TestUFOFontFamilyNamingTest.test_postscriptname_consistof_allowed_chars(): OK
bakery_lint.tests.upstream.test_check_ufo_fontfamily_recommendations.TestUFOFontFamilyNamingTest.test_postscriptname_less_than_30_chars(): OK
bakery_lint.tests.upstream.test_check_ufo_fontfamily_recommendations.TestUFOFontFamilyNamingTest.test_stylename_less_than_32_chars(): OK
bakery_lint.tests.upstream.test_check_ufo_fontfamily_recommendations.TestUFOFontFamilyNamingTest.test_weight_value_range_between_250_and_900(): OK
bakery_lint.tests.upstream.test_font_filename_eq_familystyle.TestTTFSourceFontFileNameEqualsFamilyStyle.test_source_ttf_font_filename_equals_familystyle(): ERROR
bakery_lint.tests.upstream.test_check_ufo_requirements.UfoOpenTest.test_has_rupee(): ERROR
bakery_lint.tests.upstream.test_check_ufo_requirements.UfoOpenTest.test_is_A(): ERROR
bakery_lint.tests.upstream.test_check_ufo_requirements.UfoOpenTest.test_is_A_a_glyph_instance(): ERROR
bakery_lint.tests.upstream.test_check_ufo_requirements.UfoOpenTest.test_is_ended_ufo(): ERROR
bakery_lint.tests.upstream.test_check_ufo_requirements.UfoOpenTest.test_is_folder(): ERROR
bakery_lint.tests.upstream.test_check_ufo_requirements.UfoOpenTest.test_is_fsType_eq_1(): ERROR
bakery_lint.tests.upstream.test_check_ufo_requirements.UfoOpenTest.test_it_exists(): ERROR
### (4 of 6) Convert sources to TTF
$ ttx -d /home/travis/build/fontdirectory/headlandone/builds/build /home/travis/build/fontdirectory/headlandone/builds/build/sources/HeadlandOne-Regular.ttx
strippedname:/home/travis/build/fontdirectory/headlandone/builds/build/sources/HeadlandOne-Regular-TTF.sfd
strippedname:/home/travis/build/fontdirectory/headlandone/builds/build/sources/HeadlandOne-Regular-OTF.sfd
Compiling "/home/travis/build/fontdirectory/headlandone/builds/build/sources/HeadlandOne-Regular.ttx" to "/home/travis/build/fontdirectory/headlandone/builds/build/HeadlandOne-Regular.ttf"...
Parsing 'GlyphOrder' table...
Parsing 'head' table...
Parsing 'hhea' table...
Parsing 'maxp' table...
Parsing 'OS/2' table...
Parsing 'hmtx' table...
Parsing 'cmap' table...
Parsing 'fpgm' table...
Parsing 'prep' table...
Parsing 'cvt ' table...
Parsing 'loca' table...
Parsing 'glyf' table...
Parsing 'name' table...
Parsing 'post' table...
Parsing 'gasp' table...
Parsing 'FFTM' table...
Parsing 'GDEF' table...
$ font2ttf.py sources/HeadlandOne-Regular-TTF.sfd HeadlandOne-Regular-TTF.ttf
### Test HeadlandOne-Regular.ttf
$ bakery-lint.py result HeadlandOne-Regular.ttf
bakery_lint.tests.downstream.test_check_font_agreements.CheckFsTypeIsNotSet.test_is_fstype_not_set(): OK
$ bakery-fstype-fix.py --autofix /home/travis/build/fontdirectory/headlandone/builds/build/HeadlandOne-Regular.ttf
Internal Error: Invalid 2nd order spline in SplineRefigure2
$ mv /home/travis/build/fontdirectory/headlandone/builds/build/HeadlandOne-Regular.ttf.fix /home/travis/build/fontdirectory/headlandone/builds/build/HeadlandOne-Regular.ttf
bakery_lint.tests.downstream.test_check_font_agreements.CheckFontAgreements.test_em_is_1000(): FAIL
bakery_lint.tests.downstream.test_check_font_agreements.CheckFontAgreements.test_file_is_font(): OK
bakery_lint.tests.downstream.test_check_font_agreements.CheckFontAgreements.test_font_is_font(): OK
bakery_lint.tests.downstream.test_check_font_agreements.CheckFontAgreements.test_latin_file_exists(): FAIL
bakery_lint.tests.downstream.test_check_unencoded_glyph.TestFontUnencodedGlyph.test_font_unencoded_glyphs(): FAIL
$ bakery-encode-glyphs-fix.py --autofix /home/travis/build/fontdirectory/headlandone/builds/build/HeadlandOne-Regular.ttf
Internal Error: Invalid 2nd order spline in SplineRefigure2
$ mv /home/travis/build/fontdirectory/headlandone/builds/build/HeadlandOne-Regular.ttf.fix /home/travis/build/fontdirectory/headlandone/builds/build/HeadlandOne-Regular.ttf
bakery_lint.tests.downstream.test_check_unencoded_glyph.TestFontUnencodedGlyph.test_font_unencoded_glyphs(): FAIL
Internal Error: Invalid 2nd order spline in SplineRefigure2
bakery_lint.tests.downstream.test_check_name_table_recommendation.CheckStyleNameRecommendation.test_check_stylename_is_under_recommendations(): OK
bakery_lint.tests.downstream.test_check_name_table_recommendation.CheckOTFamilyNameRecommendation.test_check_opentype_familyname(): OK
bakery_lint.tests.downstream.test_check_name_table_recommendation.CheckOTStyleNameRecommendation.test_check_opentype_stylename(): OK
bakery_lint.tests.downstream.test_check_name_table_recommendation.CheckOTFullNameRecommendation.test_check_opentype_fullname(): FAIL
$ bakery-opentype-fix.py /home/travis/build/fontdirectory/headlandone/builds/build/HeadlandOne-Regular.ttf
$ mv /home/travis/build/fontdirectory/headlandone/builds/build/HeadlandOne-Regular.ttf.fix /home/travis/build/fontdirectory/headlandone/builds/build/HeadlandOne-Regular.ttf
bakery_lint.tests.downstream.test_check_name_table_recommendation.CheckOTFullNameRecommendation.test_check_opentype_fullname(): OK
bakery_lint.tests.downstream.test_check_upm_heights_less_120.TestCheckUPMHeightsLess120.test_check_upm_heigths_less_120(): FAIL
bakery_lint.tests.downstream.test_check_vertical_metrics.CheckVerticalLinegapMetrics.test_metrics_linegaps_are_zero(): OK
Success: Generated OpenType-TTF (/home/travis/build/fontdirectory/headlandone/builds/build/HeadlandOne-Regular-TTF.ttf)
$ font2ttf.py sources/HeadlandOne-Regular-OTF.sfd HeadlandOne-Regular-OTF.ttf
### Test HeadlandOne-Regular-TTF.ttf
$ bakery-lint.py result HeadlandOne-Regular-TTF.ttf
bakery_lint.tests.downstream.test_check_font_agreements.CheckFsTypeIsNotSet.test_is_fstype_not_set(): OK
$ bakery-fstype-fix.py --autofix /home/travis/build/fontdirectory/headlandone/builds/build/HeadlandOne-Regular-TTF.ttf
$ mv /home/travis/build/fontdirectory/headlandone/builds/build/HeadlandOne-Regular-TTF.ttf.fix /home/travis/build/fontdirectory/headlandone/builds/build/HeadlandOne-Regular-TTF.ttf
bakery_lint.tests.downstream.test_check_font_agreements.CheckFontAgreements.test_em_is_1000(): FAIL
bakery_lint.tests.downstream.test_check_font_agreements.CheckFontAgreements.test_file_is_font(): OK
bakery_lint.tests.downstream.test_check_font_agreements.CheckFontAgreements.test_font_is_font(): OK
bakery_lint.tests.downstream.test_check_font_agreements.CheckFontAgreements.test_latin_file_exists(): FAIL
bakery_lint.tests.downstream.test_check_unencoded_glyph.TestFontUnencodedGlyph.test_font_unencoded_glyphs(): FAIL
$ bakery-encode-glyphs-fix.py --autofix /home/travis/build/fontdirectory/headlandone/builds/build/HeadlandOne-Regular-TTF.ttf
bakery_lint.tests.downstream.test_check_vertical_metrics.CheckVerticalAscentMetrics.test_metrics_ascents_equal_bbox(): OK
$ mv /home/travis/build/fontdirectory/headlandone/builds/build/HeadlandOne-Regular-TTF.ttf.fix /home/travis/build/fontdirectory/headlandone/builds/build/HeadlandOne-Regular-TTF.ttf
bakery_lint.tests.downstream.test_check_unencoded_glyph.TestFontUnencodedGlyph.test_font_unencoded_glyphs(): FAIL
bakery_lint.tests.downstream.test_check_name_table_recommendation.CheckStyleNameRecommendation.test_check_stylename_is_under_recommendations(): OK
bakery_lint.tests.downstream.test_check_name_table_recommendation.CheckOTFamilyNameRecommendation.test_check_opentype_familyname(): OK
bakery_lint.tests.downstream.test_check_name_table_recommendation.CheckOTStyleNameRecommendation.test_check_opentype_stylename(): OK
bakery_lint.tests.downstream.test_check_name_table_recommendation.CheckOTFullNameRecommendation.test_check_opentype_fullname(): FAIL
$ bakery-opentype-fix.py /home/travis/build/fontdirectory/headlandone/builds/build/HeadlandOne-Regular-TTF.ttf
$ mv /home/travis/build/fontdirectory/headlandone/builds/build/HeadlandOne-Regular-TTF.ttf.fix /home/travis/build/fontdirectory/headlandone/builds/build/HeadlandOne-Regular-TTF.ttf
bakery_lint.tests.downstream.test_check_name_table_recommendation.CheckOTFullNameRecommendation.test_check_opentype_fullname(): OK
bakery_lint.tests.downstream.test_check_upm_heights_less_120.TestCheckUPMHeightsLess120.test_check_upm_heigths_less_120(): FAIL
bakery_lint.tests.downstream.test_check_vertical_metrics.CheckVerticalLinegapMetrics.test_metrics_linegaps_are_zero(): OK
bakery_lint.tests.downstream.test_check_vertical_metrics.CheckVerticalDescentMetrics.test_metrics_descents_equal_bbox(): FAIL
bakery_lint.tests.downstream.test_check_vertical_metrics.CheckVerticalAscentMetrics.test_metrics_ascents_equal_bbox(): FAIL
$ bakery-vmet-fix.py --autofix /home/travis/build/fontdirectory/headlandone/builds/build/HeadlandOne-Regular-TTF.ttf /home/travis/build/fontdirectory/headlandone/builds/build/HeadlandOne-Regular.ttf
$ bakery-vmet-fix.py --autofix /home/travis/build/fontdirectory/headlandone/builds/build/HeadlandOne-Regular-TTF.ttf /home/travis/build/fontdirectory/headlandone/builds/build/HeadlandOne-Regular.ttf
Success: Generated OpenType-TTF (/home/travis/build/fontdirectory/headlandone/builds/build/HeadlandOne-Regular-OTF.ttf)
### Test HeadlandOne-Regular-OTF.ttf
$ bakery-lint.py result HeadlandOne-Regular-OTF.ttf
### (5 of 6) Generate METADATA.json (genmetadata.py)
$ genmetadata.py /home/travis/build/fontdirectory/headlandone/builds/build
{} exists
Designer's name from font is: Gary Lonergan
bakery_lint.tests.downstream.test_check_font_agreements.CheckFsTypeIsNotSet.test_is_fstype_not_set(): OK
$ bakery-fstype-fix.py --autofix /home/travis/build/fontdirectory/headlandone/builds/build/HeadlandOne-Regular-OTF.ttf
$ mv /home/travis/build/fontdirectory/headlandone/builds/build/HeadlandOne-Regular-OTF.ttf.fix /home/travis/build/fontdirectory/headlandone/builds/build/HeadlandOne-Regular-OTF.ttf
bakery_lint.tests.downstream.test_check_font_agreements.CheckFontAgreements.test_em_is_1000(): FAIL
bakery_lint.tests.downstream.test_check_font_agreements.CheckFontAgreements.test_file_is_font(): OK
bakery_lint.tests.downstream.test_check_font_agreements.CheckFontAgreements.test_font_is_font(): OK
bakery_lint.tests.downstream.test_check_font_agreements.CheckFontAgreements.test_latin_file_exists(): FAIL
bakery_lint.tests.downstream.test_check_unencoded_glyph.TestFontUnencodedGlyph.test_font_unencoded_glyphs(): FAIL
$ bakery-encode-glyphs-fix.py --autofix /home/travis/build/fontdirectory/headlandone/builds/build/HeadlandOne-Regular-OTF.ttf
$ mv /home/travis/build/fontdirectory/headlandone/builds/build/HeadlandOne-Regular-OTF.ttf.fix /home/travis/build/fontdirectory/headlandone/builds/build/HeadlandOne-Regular-OTF.ttf
bakery_lint.tests.downstream.test_check_unencoded_glyph.TestFontUnencodedGlyph.test_font_unencoded_glyphs(): FAIL
bakery_lint.tests.downstream.test_check_name_table_recommendation.CheckStyleNameRecommendation.test_check_stylename_is_under_recommendations(): OK
bakery_lint.tests.downstream.test_check_name_table_recommendation.CheckOTFamilyNameRecommendation.test_check_opentype_familyname(): OK
bakery_lint.tests.downstream.test_check_name_table_recommendation.CheckOTStyleNameRecommendation.test_check_opentype_stylename(): OK
bakery_lint.tests.downstream.test_check_name_table_recommendation.CheckOTFullNameRecommendation.test_check_opentype_fullname(): FAIL
$ bakery-opentype-fix.py /home/travis/build/fontdirectory/headlandone/builds/build/HeadlandOne-Regular-OTF.ttf
$ mv /home/travis/build/fontdirectory/headlandone/builds/build/HeadlandOne-Regular-OTF.ttf.fix /home/travis/build/fontdirectory/headlandone/builds/build/HeadlandOne-Regular-OTF.ttf
bakery_lint.tests.downstream.test_check_name_table_recommendation.CheckOTFullNameRecommendation.test_check_opentype_fullname(): OK
bakery_lint.tests.downstream.test_check_upm_heights_less_120.TestCheckUPMHeightsLess120.test_check_upm_heigths_less_120(): FAIL
Original size: 149692\nGzip size: 59470
Family Name: HeadlandOne
PS Name: HeadlandOne-Regular
Full Name: HeadlandOne-Regular
Style: normal
Weight: 400
Filename: HeadlandOne-Regular-OTF.ttf
Copyright: Copyright (c) 2011, Sorkin Type Co (www.sorkintype.com)\rwith Reserved Font Name "Headland".\r\rThis Font Software is licensed under the SIL Open Font License,\rVersion 1.1. This license is available with a FAQ at:\rhttp://scripts.sil.org/OFL
Family Name: HeadlandOne
PS Name: HeadlandOne-Regular
Full Name: HeadlandOne-Regular
Style: normal
$ mv /home/travis/build/fontdirectory/headlandone/builds/build/HeadlandOne-Regular-TTF.ttf.fix /home/travis/build/fontdirectory/headlandone/builds/build/HeadlandOne-Regular-TTF.ttf
Weight: 400
Filename: HeadlandOne-Regular-TTF.ttf
Copyright: Copyright (c) 2011, Sorkin Type Co (www.sorkintype.com)\nwith Reserved Font Name "Headland".\n\nThis Font Software is licensed under the SIL Open Font License,\nVersion 1.1. This license is available with a FAQ at:\nhttp://scripts.sil.org/OFL
Family Name: HeadlandOne
$ mv /home/travis/build/fontdirectory/headlandone/builds/build/HeadlandOne-Regular.ttf.fix /home/travis/build/fontdirectory/headlandone/builds/build/HeadlandOne-Regular.ttf
$ bakery-vmet-fix.py /home/travis/build/fontdirectory/headlandone/builds/build/HeadlandOne-Regular-TTF.ttf /home/travis/build/fontdirectory/headlandone/builds/build/HeadlandOne-Regular.ttf
PS Name: HeadlandOne-Regular
Full Name: HeadlandOne-Regular
Style: normal
Weight: 400
Filename: HeadlandOne-Regular.ttf
Copyright: Copyright (c) 2011, Sorkin Type Co (www.sorkintype.com)\rwith Reserved Font Name "Headland".\r\rThis Font Software is licensed under the SIL Open Font License,\rVersion 1.1. This license is available with a FAQ at:\rhttp://scripts.sil.org/OFL
### (6 of 6) Run tests for METADATA.json
$ bakery-lint.py metadata METADATA.json
bakery_lint.tests.metadata_test.MetadataSubsetsListTest.test_charset_latin(): FAIL
bakery_lint.tests.metadata_test.MetadataSubsetsListTest.test_charset_latin_ext(): FAIL
bakery_lint.tests.metadata_test.MetadataSubsetsListTest.test_charset_menu(): FAIL
bakery_lint.tests.metadata_test.MetadataTest.test_description_is_more_than_500b(): OK
bakery_lint.tests.metadata_test.MetadataTest.test_description_is_valid_html(): OK
bakery_lint.tests.downstream.test_check_vertical_metrics.CheckVerticalLinegapMetrics.test_metrics_linegaps_are_zero(): OK
$ mv /home/travis/build/fontdirectory/headlandone/builds/build/HeadlandOne-Regular-TTF.ttf.fix /home/travis/build/fontdirectory/headlandone/builds/build/HeadlandOne-Regular-TTF.ttf
$ mv /home/travis/build/fontdirectory/headlandone/builds/build/HeadlandOne-Regular.ttf.fix /home/travis/build/fontdirectory/headlandone/builds/build/HeadlandOne-Regular.ttf
$ bakery-vmet-fix.py /home/travis/build/fontdirectory/headlandone/builds/build/HeadlandOne-Regular-TTF.ttf /home/travis/build/fontdirectory/headlandone/builds/build/HeadlandOne-Regular.ttf
bakery_lint.tests.metadata_test.MetadataTest.test_does_not_familyName_exist_in_daltonmaag_catalogue(): FAIL
bakery_lint.tests.metadata_test.MetadataTest.test_does_not_familyName_exist_in_fontbureau_catalogue(): OK
Parameter              HeadlandOne-Regular-TTF.ttf    HeadlandOne-Regular.ttf    
ymax                   2043                           2043                       
hhea.ascent            2043                           2043                       
OS/2.sTypoAscender     2043                           2043                       
OS/2.usWinAscent       2043                           2043                       
ymin                   -522                           -522                       
hhea.descent           -522                           -522                       
OS/2.sTypoDescender    -522                           -522                       
OS/2.usWinDescent      522                            522                        
hhea.lineGap           0                              0                          
OS/2.sTypoLineGap      0                              0                          
hhea total             2565                           2565                       
typo total             2565                           2565                       
win total              2565                           2565                       
UPM:Heights            2048:2565                      2048:2565                  
UPM:Heights %          125 %                          125 %                      


Parameter              HeadlandOne-Regular-TTF.ttf    HeadlandOne-Regular.ttf    
ymax                   2043                           2043                       
hhea.ascent            2043                           2043                       
OS/2.sTypoAscender     2043                           2043                       
OS/2.usWinAscent       2043                           2043                       
ymin                   -522                           -522                       
hhea.descent           -522                           -522                       
OS/2.sTypoDescender    -522                           -522                       
OS/2.usWinDescent      522                            522                        
hhea.lineGap           0                              0                          
OS/2.sTypoLineGap      0                              0                          
hhea total             2565                           2565                       
typo total             2565                           2565                       
win total              2565                           2565                       
UPM:Heights            2048:2565                      2048:2565                  
UPM:Heights %          125 %                          125 %                      


bakery_lint.tests.downstream.test_check_vertical_metrics.CheckVerticalAscentMetrics.test_metrics_ascents_equal_bbox(): FAIL
$ bakery-vmet-fix.py --autofix /home/travis/build/fontdirectory/headlandone/builds/build/HeadlandOne-Regular-OTF.ttf /home/travis/build/fontdirectory/headlandone/builds/build/HeadlandOne-Regular-TTF.ttf /home/travis/build/fontdirectory/headlandone/builds/build/HeadlandOne-Regular.ttf
bakery_lint.tests.downstream.test_check_vertical_metrics.CheckVerticalAscentMetrics.test_metrics_ascents_equal_bbox(): FAIL
bakery_lint.tests.metadata_test.MetadataTest.test_does_not_familyName_exist_in_fontscom_catalogue(): OK
bakery_lint.tests.downstream.test_check_vertical_metrics.CheckVerticalDescentMetrics.test_metrics_descents_equal_bbox(): FAIL
bakery_lint.tests.metadata_test.MetadataTest.test_does_not_familyName_exist_in_fontshop_catalogue(): FAIL
bakery_lint.tests.downstream.test_check_magic_prep_code.CheckMagicPREPByteCode.test_prep_magic_code(): FAIL
bakery_lint.tests.downstream.test_check_glyf_table_length.CheckGlyfTableLength.test_check_glyf_table_length(): FAIL
bakery_lint.tests.downstream.test_check_nbsp_width_matches_sp_width.CheckNbspWidthMatchesSpWidth.test_check_nbsp_width_matches_sp_width(): FAIL
$ bakery-nbsp-fix.py /home/travis/build/fontdirectory/headlandone/builds/build/HeadlandOne-Regular.ttf
$ mv /home/travis/build/fontdirectory/headlandone/builds/build/HeadlandOne-Regular.ttf.fix /home/travis/build/fontdirectory/headlandone/builds/build/HeadlandOne-Regular.ttf
bakery_lint.tests.downstream.test_check_nbsp_width_matches_sp_width.CheckNbspWidthMatchesSpWidth.test_check_nbsp_width_matches_sp_width(): FAIL
Warning: Mac string is a subset of the Windows string in the 'name' table
 for the Compatible Full string in the English (US) language.
$ mv /home/travis/build/fontdirectory/headlandone/builds/build/HeadlandOne-Regular-OTF.ttf.fix /home/travis/build/fontdirectory/headlandone/builds/build/HeadlandOne-Regular-OTF.ttf
$ mv /home/travis/build/fontdirectory/headlandone/builds/build/HeadlandOne-Regular-TTF.ttf.fix /home/travis/build/fontdirectory/headlandone/builds/build/HeadlandOne-Regular-TTF.ttf
$ mv /home/travis/build/fontdirectory/headlandone/builds/build/HeadlandOne-Regular.ttf.fix /home/travis/build/fontdirectory/headlandone/builds/build/HeadlandOne-Regular.ttf
$ bakery-vmet-fix.py /home/travis/build/fontdirectory/headlandone/builds/build/HeadlandOne-Regular-OTF.ttf /home/travis/build/fontdirectory/headlandone/builds/build/HeadlandOne-Regular-TTF.ttf /home/travis/build/fontdirectory/headlandone/builds/build/HeadlandOne-Regular.ttf
bakery_lint.tests.metadata_test.MetadataTest.test_does_not_familyName_exist_in_fontsmith_catalogue(): OK
bakery_lint.tests.metadata_test.MetadataTest.test_does_not_familyName_exist_in_houseind_catalogue(): OK
bakery_lint.tests.downstream.test_check_vertical_metrics.CheckVerticalDescentMetrics.test_metrics_descents_equal_bbox(): FAIL
bakery_lint.tests.downstream.test_fontforge_validation_state.FontForgeValidateStateTest.test_allowed_numbers_paths_in_composite_glyphs(): OK
bakery_lint.tests.downstream.test_fontforge_validation_state.FontForgeValidateStateTest.test_allowed_numbers_paths_in_glyphs(): OK
bakery_lint.tests.downstream.test_fontforge_validation_state.FontForgeValidateStateTest.test_allowed_numbers_points_in_composite_glyphs(): OK
bakery_lint.tests.downstream.test_fontforge_validation_state.FontForgeValidateStateTest.test_allowed_numbers_points_in_glyphs(): OK
bakery_lint.tests.downstream.test_fontforge_validation_state.FontForgeValidateStateTest.test_duplicate_glyphs(): OK
bakery_lint.tests.downstream.test_fontforge_validation_state.FontForgeValidateStateTest.test_duplicate_unicode_codepoints(): OK
bakery_lint.tests.downstream.test_fontforge_validation_state.FontForgeValidateStateTest.test_flipped_reference_in_glyphs(): OK
bakery_lint.tests.downstream.test_fontforge_validation_state.FontForgeValidateStateTest.test_missing_anchors(): OK
bakery_lint.tests.downstream.test_fontforge_validation_state.FontForgeValidateStateTest.test_missing_extrema_in_glyphs(): FAIL
bakery_lint.tests.downstream.test_fontforge_validation_state.FontForgeValidateStateTest.test_overlapped_hints(): OK
bakery_lint.tests.downstream.test_fontforge_validation_state.FontForgeValidateStateTest.test_points_are_integer_aligned(): OK
bakery_lint.tests.downstream.test_fontforge_validation_state.FontForgeValidateStateTest.test_points_are_not_too_far_apart(): OK
bakery_lint.tests.downstream.test_fontforge_validation_state.FontForgeValidateStateTest.test_postscript_hasnt_limit_hints_in_glyphs(): OK
bakery_lint.tests.downstream.test_fontforge_validation_state.FontForgeValidateStateTest.test_postscript_hasnt_limit_points_in_glyphs(): OK
bakery_lint.tests.downstream.test_fontforge_validation_state.FontForgeValidateStateTest.test_referenced_glyphs_are_present(): OK
bakery_lint.tests.downstream.test_fontforge_validation_state.FontForgeValidateStateTest.test_valid_glyph_names(): OK
bakery_lint.tests.downstream.test_fontforge_validation_state.FontForgeValidateStateTest.test_valid_length_instructions(): OK
bakery_lint.tests.downstream.test_fontforge_validation_state.FontForgeValidateStateTest.test_validation_glyph_intersect(): FAIL
bakery_lint.tests.downstream.test_fontforge_validation_state.FontForgeValidateStateTest.test_validation_open_contours(): OK
bakery_lint.tests.downstream.test_fontforge_validation_state.FontForgeValidateStateTest.test_wrong_direction_in_glyphs(): FAIL
bakery_lint.tests.downstream.test_gpos_table_has_kerning_info.CheckGposTableHasKerningInfo.test_gpos_table_has_kerning_info(): FAIL
bakery_lint.tests.downstream.test_check_font_tables.CheckFontHasDsigTable.test_check_font_has_dsig_table(): FAIL
$ bakery-dsig.py /home/travis/build/fontdirectory/headlandone/builds/build/HeadlandOne-Regular.ttf
$ mv /home/travis/build/fontdirectory/headlandone/builds/build/HeadlandOne-Regular.ttf.fix /home/travis/build/fontdirectory/headlandone/builds/build/HeadlandOne-Regular.ttf
$ bakery-vmet-fix.py --autofix /home/travis/build/fontdirectory/headlandone/builds/build/HeadlandOne-Regular-OTF.ttf /home/travis/build/fontdirectory/headlandone/builds/build/HeadlandOne-Regular-TTF.ttf /home/travis/build/fontdirectory/headlandone/builds/build/HeadlandOne-Regular.ttf
bakery_lint.tests.downstream.test_check_font_tables.CheckFontHasDsigTable.test_check_font_has_dsig_table(): OK
bakery_lint.tests.downstream.test_check_font_tables.CheckFontHasNotKernTable.test_no_kern_table_exists(): OK
bakery_lint.tests.downstream.test_check_license_included.CheckLicenseIncluded.test_license_included_in_font_names(): OK
bakery_lint.tests.downstream.test_check_no_problematic_formats.CheckNoProblematicFormats.test_check_no_problematic_formats(): OK
bakery_lint.tests.downstream.test_check_full_font_name_begins_with_family_name.CheckFullFontNameBeginsWithFamilyName.test_check_full_font_name_begins_with_family_name(): OK
bakery_lint.tests.downstream.test_check_unused_glyph_data.CheckUnusedGlyphData.test_check_unused_glyph_data(): ERROR
bakery_lint.tests.downstream.test_check_panose_identification.CheckPanoseIdentification.test_check_panose_identification(): OK
bakery_lint.tests.downstream.test_check_names_same_across_platforms.CheckNamesSameAcrossPlatforms.test_check_names_same_across_platforms(): FAIL
bakery_lint.tests.downstream.test_check_glyph_existence.CheckGlyphExistence.test_euro(): OK
bakery_lint.tests.downstream.test_check_glyph_existence.CheckGlyphExistence.test_nbsp(): OK
bakery_lint.tests.downstream.test_check_glyph_existence.CheckGlyphExistence.test_space(): OK
bakery_lint.tests.downstream.test_gasp_table_value.CheckGaspTableType.test_check_gasp_table_type(): OK
$ bakery-gasp.py --set=15 /home/travis/build/fontdirectory/headlandone/builds/build/HeadlandOne-Regular.ttf
$ mv /home/travis/build/fontdirectory/headlandone/builds/build/HeadlandOne-Regular.ttf.fix /home/travis/build/fontdirectory/headlandone/builds/build/HeadlandOne-Regular.ttf
bakery_lint.tests.downstream.test_names_are_ascii_only.CheckNamesAreASCIIOnly.test_check_names_are_ascii_only(): FAIL
$ bakery-ascii-fix.py /home/travis/build/fontdirectory/headlandone/builds/build/HeadlandOne-Regular.ttf
$ mv /home/travis/build/fontdirectory/headlandone/builds/build/HeadlandOne-Regular.ttf.fix /home/travis/build/fontdirectory/headlandone/builds/build/HeadlandOne-Regular.ttf
bakery_lint.tests.downstream.test_names_are_ascii_only.CheckNamesAreASCIIOnly.test_check_names_are_ascii_only(): OK
bakery_lint.tests.downstream.test_check_os2_width_class.CheckOS2WidthClass.test_check_os2_width_class(): OK
bakery_lint.tests.downstream.test_check_fontname_matches_macstyle.CheckFontNameEqualToMacStyleFlags.test_fontname_is_equal_to_macstyle(): OK
bakery_lint.tests.downstream.test_check_italic_angle_agreement.CheckItalicAngleAgreement.test_check_italic_angle_agreement(): OK
bakery_lint.tests.downstream.test_check_hmtx_hhea_max_advance_width_agreement.CheckHmtxHheaMaxAdvanceWidthAgreement.test_check_hmtx_hhea_max_advance_width_agreement(): OK
bakery_lint.tests.metadata_test.MetadataTest.test_does_not_familyName_exist_in_myfonts_catalogue(): OK
Parameter              HeadlandOne-Regular-OTF.ttf    HeadlandOne-Regular-TTF.ttf    HeadlandOne-Regular.ttf    
ymax                   2043                           2043                           2043                       
hhea.ascent            2043                           2043                           2043                       
OS/2.sTypoAscender     2043                           2043                           2043                       
OS/2.usWinAscent       2043                           2043                           2043                       
ymin                   -522                           -522                           -522                       
hhea.descent           -522                           -522                           -522                       
OS/2.sTypoDescender    -522                           -522                           -522                       
OS/2.usWinDescent      522                            522                            522                        
hhea.lineGap           0                              0                              0                          
OS/2.sTypoLineGap      0                              0                              0                          
hhea total             2565                           2565                           2565                       
typo total             2565                           2565                           2565                       
win total              2565                           2565                           2565                       
UPM:Heights            2048:2565                      2048:2565                      2048:2565                  
UPM:Heights %          125 %                          125 %                          125 %                      


### Optimize TTF HeadlandOne-Regular.ttf
bakery_lint.tests.metadata_test.MetadataTest.test_does_not_familyName_exist_in_veer_catalogue(): OK
$ ls -l 'HeadlandOne-Regular.ttf'* # look at the size savings of that subset process
HeadlandOne-Regular.ttf.opt: 145536 bytes
HeadlandOne-Regular.ttf: 149744 bytes
$ mv /home/travis/build/fontdirectory/headlandone/builds/build/HeadlandOne-Regular.ttf.opt /home/travis/build/fontdirectory/headlandone/builds/build/HeadlandOne-Regular.ttf
### Autohint TTFs (ttfautohint) HeadlandOne-Regular.ttf
bakery_lint.tests.metadata_test.MetadataTest.test_family_is_listed_in_gwf(): FAIL
bakery_lint.tests.metadata_test.MetadataTest.test_metadata_atleast_latin_menu_subsets_exist(): OK
/home/travis/virtualenv/python2.7.8/lib/python2.7/site-packages/bakery_lint/tests/metadata_test.py:141: UnicodeWarning: Unicode equal comparison failed to convert both arguments to Unicode - interpreting them as being unequal
  self.assertTrue(designer in designers,
bakery_lint.tests.metadata_test.MetadataTest.test_metadata_designer_exists_in_profiles_csv(): FAIL
bakery_lint.tests.metadata_test.MetadataTest.test_metadata_fonts_items_dicts(): OK
bakery_lint.tests.metadata_test.MetadataTest.test_metadata_fonts_key_list(): OK
bakery_lint.tests.metadata_test.MetadataTest.test_metadata_fonts_no_dupes(): OK
bakery_lint.tests.metadata_test.MetadataTest.test_metadata_has_unique_style_weight_pairs(): OK
bakery_lint.tests.metadata_test.MetadataTest.test_metadata_keys(): OK
bakery_lint.tests.metadata_test.MetadataTest.test_metadata_license(): OK
bakery_lint.tests.metadata_test.MetadataTest.test_metadata_no_unknown_top_keys(): OK
bakery_lint.tests.metadata_test.MetadataTest.test_metadata_subsets_key_list(): OK
bakery_lint.tests.metadata_test.MetadataTest.test_metadata_top_keys_types(): FAIL
bakery_lint.tests.downstream.test_check_font_name_not_in_camelcase.CheckFontNameNotInCamelCase.test_fontname_not_in_camel_case(): OK
bakery_lint.tests.downstream.test_check_familyname_matches_fontnames.CheckFamilyNameMatchesFontNames.test_check_familyname_matches_fontnames(): OK
bakery_lint.tests.downstream.test_check_text_files_exist.CheckTextFilesExist.test_copyrighttxt_exists(): FAIL
bakery_lint.tests.downstream.test_check_text_files_exist.CheckTextFilesExist.test_description_exists(): OK
bakery_lint.tests.downstream.test_check_text_files_exist.CheckTextFilesExist.test_fontlogtxt_exists(): OK
bakery_lint.tests.downstream.test_check_text_files_exist.CheckTextFilesExist.test_licensetxt_exists(): FAIL
bakery_lint.tests.downstream.test_check_menu_contains_proper_glyphs.CheckMenuSubsetContainsProperGlyphs.test_check_menu_contains_proper_glyphs(): ERROR
bakery_lint.tests.downstream.test_check_canonical_filenames.CheckCanonicalFilenames.test_check_canonical_filenames(): OK
bakery_lint.tests.downstream.test_metadata_agreements.CheckMetadataAgreements.test_font_name_matches_family(): FAIL
bakery_lint.tests.downstream.test_metadata_agreements.CheckMetadataAgreements.test_metadata_family(): FAIL
bakery_lint.tests.downstream.test_metadata_agreements.CheckMetadataAgreements.test_metadata_family_values_are_all_the_same(): OK
bakery_lint.tests.downstream.test_metadata_agreements.CheckMetadataAgreements.test_metadata_filename_matches_postScriptName(): FAIL
bakery_lint.tests.downstream.test_metadata_agreements.CheckMetadataAgreements.test_metadata_font_have_regular(): OK
bakery_lint.tests.downstream.test_metadata_agreements.CheckMetadataAgreements.test_metadata_fonts_fields_have_fontname(): FAIL
bakery_lint.tests.downstream.test_metadata_agreements.CheckMetadataAgreements.test_metadata_fullname_is_equal_to_internal_font_fullname(): FAIL
bakery_lint.tests.downstream.test_metadata_agreements.CheckMetadataAgreements.test_metadata_fullname_matches_postScriptName(): FAIL
bakery_lint.tests.downstream.test_metadata_agreements.CheckMetadataAgreements.test_metadata_postScriptName_matches_ttf_fontname(): OK
bakery_lint.tests.downstream.test_metadata_agreements.CheckMetadataAgreements.test_metadata_regular_is_400(): FAIL
bakery_lint.tests.downstream.test_metadata_agreements.CheckMetadataAgreements.test_metadata_regular_is_normal(): FAIL
bakery_lint.tests.downstream.test_check_metadata_style_matches_names.CheckItalicStyleMatchesMacStyle.test_check_italic_style_matches_names(): OK
bakery_lint.tests.downstream.test_check_metadata_style_matches_names.CheckNormalStyleMatchesMacStyle.test_check_normal_style_matches_names(): OK
bakery_lint.tests.downstream.test_check_files_menu_agreements.CheckFontsMenuAgreements.test_menu_file_agreement(): FAIL
bakery_lint.tests.downstream.test_check_metadata_fields.CheckMetadataFields.test_check_metadata_fields(): OK
bakery_lint.tests.downstream.test_check_canonical_styles.CheckCanonicalStyles.test_check_canonical_styles(): OK
bakery_lint.tests.downstream.test_check_glyph_consistency.CheckGlyphConsistencyInFamily.test_the_same_encodings_of_glyphs_across_family(): OK
bakery_lint.tests.downstream.test_check_glyph_consistency.CheckGlyphConsistencyInFamily.test_the_same_names_of_glyphs_across_family(): OK
bakery_lint.tests.downstream.test_check_glyph_consistency.CheckGlyphConsistencyInFamily.test_the_same_number_of_glyphs_across_family(): OK
bakery_lint.tests.downstream.test_check_subsets_exists.CheckSubsetsExist.test_check_subsets_exists(): FAIL
bakery_lint.tests.downstream.test_metadata_font_copyright.CheckMetadataContainsReservedFontName.test_copyright_contains_correct_rfn(): OK
bakery_lint.tests.downstream.test_metadata_font_copyright.CheckMetadataContainsReservedFontName.test_copyright_is_consistent_across_family(): OK
bakery_lint.tests.downstream.test_metadata_font_copyright.CheckMetadataContainsReservedFontName.test_copyright_matches_pattern(): OK
bakery_lint.tests.downstream.test_metadata_font_copyright.CheckMetadataContainsReservedFontName.test_metadata_copyright_size(): OK
bakery_lint.tests.downstream.test_check_monospace_agreements.CheckMonospaceAgreement.test_check_monospace_agreement(): OK
bakery_lint.tests.downstream.test_check_canonical_weights.CheckCanonicalWeights.test_check_canonical_weights(): OK
bakery_lint.tests.downstream.test_check_canonical_weights.CheckPostScriptNameMatchesWeight.test_postscriptname_contains_correct_weight(): OK
bakery_lint.tests.downstream.test_check_canonical_weights.CheckFontWeightSameAsInMetadata.test_font_weight_same_as_in_metadata(): OK
bakery_lint.tests.downstream.test_check_canonical_weights.CheckFullNameEqualCanonicalName.test_metadata_contains_current_font(): OK
bakery_lint.tests.downstream.test_check_metadata_matches_nametable.CheckMetadataMatchesNameTable.test_check_metadata_matches_nametable(): FAIL
$ ls -l /home/travis/build/fontdirectory/headlandone/builds/build/HeadlandOne-Regular.*ttf # look at the size savings of that subset process
/home/travis/build/fontdirectory/headlandone/builds/build/HeadlandOne-Regular.ttf: 145536 bytes
/home/travis/build/fontdirectory/headlandone/builds/build/HeadlandOne-Regular.autohint.ttf: 109360 bytes
$ mv /home/travis/build/fontdirectory/headlandone/builds/build/HeadlandOne-Regular.autohint.ttf /home/travis/build/fontdirectory/headlandone/builds/build/HeadlandOne-Regular.ttf
### Subset TTFs (pyftsubset) HeadlandOne-Regular.ttf
Generate HeadlandOne-Regular.latin
Generate HeadlandOne-Regular.menu
spaceWidth is    758
nbspWidth is     683
HeadlandOne-Regular.ttf.fix made with spaceWidth and nbspWidth of 758
strippedname:/home/travis/build/fontdirectory/headlandone/builds/build/HeadlandOne-Regular.ttf
$ mv /home/travis/build/fontdirectory/headlandone/builds/build/HeadlandOne-Regular-OTF.ttf.fix /home/travis/build/fontdirectory/headlandone/builds/build/HeadlandOne-Regular-OTF.ttf
$ mv /home/travis/build/fontdirectory/headlandone/builds/build/HeadlandOne-Regular-TTF.ttf.fix /home/travis/build/fontdirectory/headlandone/builds/build/HeadlandOne-Regular-TTF.ttf
$ mv /home/travis/build/fontdirectory/headlandone/builds/build/HeadlandOne-Regular.ttf.fix /home/travis/build/fontdirectory/headlandone/builds/build/HeadlandOne-Regular.ttf
$ bakery-vmet-fix.py /home/travis/build/fontdirectory/headlandone/builds/build/HeadlandOne-Regular-OTF.ttf /home/travis/build/fontdirectory/headlandone/builds/build/HeadlandOne-Regular-TTF.ttf /home/travis/build/fontdirectory/headlandone/builds/build/HeadlandOne-Regular.ttf
bakery_lint.tests.downstream.test_check_vertical_metrics.CheckVerticalAscentMetrics.test_metrics_ascents_equal_bbox(): OK
Parameter              HeadlandOne-Regular-OTF.ttf    HeadlandOne-Regular-TTF.ttf    HeadlandOne-Regular.ttf    
ymax                   2043                           2043                           2043                       
hhea.ascent            2043                           2043                           2043                       
OS/2.sTypoAscender     2043                           2043                           2043                       
OS/2.usWinAscent       2043                           2043                           2043                       
ymin                   -522                           -522                           -522                       
hhea.descent           -522                           -522                           -522                       
OS/2.sTypoDescender    -522                           -522                           -522                       
OS/2.usWinDescent      522                            522                            522                        
hhea.lineGap           0                              0                              0                          
OS/2.sTypoLineGap      0                              0                              0                          
hhea total             2565                           2565                           2565                       
typo total             2565                           2565                           2565                       
win total              2565                           2565                           2565                       
UPM:Heights            2048:2565                      2048:2565                      2048:2565                  
UPM:Heights %          125 %                          125 %                          125 %                      


bakery_lint.tests.downstream.test_check_vertical_metrics.CheckVerticalDescentMetrics.test_metrics_descents_equal_bbox(): OK
bakery_lint.tests.downstream.test_check_magic_prep_code.CheckMagicPREPByteCode.test_prep_magic_code(): FAIL
bakery_lint.tests.downstream.test_check_glyf_table_length.CheckGlyfTableLength.test_check_glyf_table_length(): FAIL
bakery_lint.tests.downstream.test_check_nbsp_width_matches_sp_width.CheckNbspWidthMatchesSpWidth.test_check_nbsp_width_matches_sp_width(): FAIL
$ bakery-nbsp-fix.py /home/travis/build/fontdirectory/headlandone/builds/build/HeadlandOne-Regular-OTF.ttf
$ mv /home/travis/build/fontdirectory/headlandone/builds/build/HeadlandOne-Regular-OTF.ttf.fix /home/travis/build/fontdirectory/headlandone/builds/build/HeadlandOne-Regular-OTF.ttf
bakery_lint.tests.downstream.test_check_nbsp_width_matches_sp_width.CheckNbspWidthMatchesSpWidth.test_check_nbsp_width_matches_sp_width(): FAIL
The following table(s) in the font have been ignored by FontForge
  Ignoring 'DSIG' digital signature table
bakery_lint.tests.downstream.test_check_vertical_metrics.CheckVerticalDescentMetrics.test_metrics_descents_equal_bbox(): OK
bakery_lint.tests.downstream.test_check_magic_prep_code.CheckMagicPREPByteCode.test_prep_magic_code(): FAIL
bakery_lint.tests.downstream.test_check_glyf_table_length.CheckGlyfTableLength.test_check_glyf_table_length(): FAIL
bakery_lint.tests.downstream.test_check_nbsp_width_matches_sp_width.CheckNbspWidthMatchesSpWidth.test_check_nbsp_width_matches_sp_width(): FAIL
$ bakery-nbsp-fix.py /home/travis/build/fontdirectory/headlandone/builds/build/HeadlandOne-Regular-TTF.ttf
$ mv /home/travis/build/fontdirectory/headlandone/builds/build/HeadlandOne-Regular-TTF.ttf.fix /home/travis/build/fontdirectory/headlandone/builds/build/HeadlandOne-Regular-TTF.ttf
bakery_lint.tests.downstream.test_check_nbsp_width_matches_sp_width.CheckNbspWidthMatchesSpWidth.test_check_nbsp_width_matches_sp_width(): FAIL
The following table(s) in the font have been ignored by FontForge
  Ignoring 'DSIG' digital signature table
Warning: Mac string is a subset of the Windows string in the 'name' table
 for the Compatible Full string in the English (US) language.
bakery_lint.tests.downstream.test_fontforge_validation_state.FontForgeValidateStateTest.test_allowed_numbers_paths_in_composite_glyphs(): OK
bakery_lint.tests.downstream.test_fontforge_validation_state.FontForgeValidateStateTest.test_allowed_numbers_paths_in_glyphs(): OK
bakery_lint.tests.downstream.test_fontforge_validation_state.FontForgeValidateStateTest.test_allowed_numbers_points_in_composite_glyphs(): OK
bakery_lint.tests.downstream.test_fontforge_validation_state.FontForgeValidateStateTest.test_allowed_numbers_points_in_glyphs(): OK
bakery_lint.tests.downstream.test_fontforge_validation_state.FontForgeValidateStateTest.test_duplicate_glyphs(): OK
bakery_lint.tests.downstream.test_fontforge_validation_state.FontForgeValidateStateTest.test_duplicate_unicode_codepoints(): OK
bakery_lint.tests.downstream.test_fontforge_validation_state.FontForgeValidateStateTest.test_flipped_reference_in_glyphs(): OK
bakery_lint.tests.downstream.test_fontforge_validation_state.FontForgeValidateStateTest.test_missing_anchors(): OK
bakery_lint.tests.downstream.test_fontforge_validation_state.FontForgeValidateStateTest.test_missing_extrema_in_glyphs(): FAIL
bakery_lint.tests.downstream.test_fontforge_validation_state.FontForgeValidateStateTest.test_overlapped_hints(): OK
bakery_lint.tests.downstream.test_fontforge_validation_state.FontForgeValidateStateTest.test_points_are_integer_aligned(): OK
bakery_lint.tests.downstream.test_fontforge_validation_state.FontForgeValidateStateTest.test_points_are_not_too_far_apart(): OK
bakery_lint.tests.downstream.test_fontforge_validation_state.FontForgeValidateStateTest.test_postscript_hasnt_limit_hints_in_glyphs(): OK
bakery_lint.tests.downstream.test_fontforge_validation_state.FontForgeValidateStateTest.test_postscript_hasnt_limit_points_in_glyphs(): OK
bakery_lint.tests.downstream.test_fontforge_validation_state.FontForgeValidateStateTest.test_referenced_glyphs_are_present(): OK
bakery_lint.tests.downstream.test_fontforge_validation_state.FontForgeValidateStateTest.test_valid_glyph_names(): OK
bakery_lint.tests.downstream.test_fontforge_validation_state.FontForgeValidateStateTest.test_valid_length_instructions(): OK
bakery_lint.tests.downstream.test_fontforge_validation_state.FontForgeValidateStateTest.test_validation_glyph_intersect(): OK
bakery_lint.tests.downstream.test_fontforge_validation_state.FontForgeValidateStateTest.test_validation_open_contours(): OK
bakery_lint.tests.downstream.test_fontforge_validation_state.FontForgeValidateStateTest.test_wrong_direction_in_glyphs(): OK
bakery_lint.tests.downstream.test_gpos_table_has_kerning_info.CheckGposTableHasKerningInfo.test_gpos_table_has_kerning_info(): FAIL
bakery_lint.tests.downstream.test_check_font_tables.CheckFontHasDsigTable.test_check_font_has_dsig_table(): OK
bakery_lint.tests.downstream.test_check_font_tables.CheckFontHasNotKernTable.test_no_kern_table_exists(): OK
bakery_lint.tests.downstream.test_check_license_included.CheckLicenseIncluded.test_license_included_in_font_names(): OK
bakery_lint.tests.downstream.test_check_no_problematic_formats.CheckNoProblematicFormats.test_check_no_problematic_formats(): OK
bakery_lint.tests.downstream.test_check_full_font_name_begins_with_family_name.CheckFullFontNameBeginsWithFamilyName.test_check_full_font_name_begins_with_family_name(): OK
bakery_lint.tests.downstream.test_check_unused_glyph_data.CheckUnusedGlyphData.test_check_unused_glyph_data(): ERROR
bakery_lint.tests.downstream.test_check_panose_identification.CheckPanoseIdentification.test_check_panose_identification(): OK
bakery_lint.tests.downstream.test_check_names_same_across_platforms.CheckNamesSameAcrossPlatforms.test_check_names_same_across_platforms(): FAIL
bakery_lint.tests.downstream.test_check_glyph_existence.CheckGlyphExistence.test_euro(): OK
bakery_lint.tests.downstream.test_check_glyph_existence.CheckGlyphExistence.test_nbsp(): OK
bakery_lint.tests.downstream.test_check_glyph_existence.CheckGlyphExistence.test_space(): OK
bakery_lint.tests.downstream.test_gasp_table_value.CheckGaspTableType.test_check_gasp_table_type(): FAIL
$ bakery-gasp.py --set=15 /home/travis/build/fontdirectory/headlandone/builds/build/HeadlandOne-Regular-OTF.ttf
$ mv /home/travis/build/fontdirectory/headlandone/builds/build/HeadlandOne-Regular-OTF.ttf.fix /home/travis/build/fontdirectory/headlandone/builds/build/HeadlandOne-Regular-OTF.ttf
bakery_lint.tests.downstream.test_gasp_table_value.CheckGaspTableType.test_check_gasp_table_type(): OK
$ bakery-gasp.py --set=15 /home/travis/build/fontdirectory/headlandone/builds/build/HeadlandOne-Regular-OTF.ttf
$ mv /home/travis/build/fontdirectory/headlandone/builds/build/HeadlandOne-Regular-OTF.ttf.fix /home/travis/build/fontdirectory/headlandone/builds/build/HeadlandOne-Regular-OTF.ttf
bakery_lint.tests.downstream.test_names_are_ascii_only.CheckNamesAreASCIIOnly.test_check_names_are_ascii_only(): FAIL
$ bakery-ascii-fix.py /home/travis/build/fontdirectory/headlandone/builds/build/HeadlandOne-Regular-OTF.ttf
$ mv /home/travis/build/fontdirectory/headlandone/builds/build/HeadlandOne-Regular-OTF.ttf.fix /home/travis/build/fontdirectory/headlandone/builds/build/HeadlandOne-Regular-OTF.ttf
bakery_lint.tests.downstream.test_names_are_ascii_only.CheckNamesAreASCIIOnly.test_check_names_are_ascii_only(): OK
bakery_lint.tests.downstream.test_check_os2_width_class.CheckOS2WidthClass.test_check_os2_width_class(): OK
bakery_lint.tests.downstream.test_check_fontname_matches_macstyle.CheckFontNameEqualToMacStyleFlags.test_fontname_is_equal_to_macstyle(): OK
bakery_lint.tests.downstream.test_check_italic_angle_agreement.CheckItalicAngleAgreement.test_check_italic_angle_agreement(): OK
bakery_lint.tests.downstream.test_check_hmtx_hhea_max_advance_width_agreement.CheckHmtxHheaMaxAdvanceWidthAgreement.test_check_hmtx_hhea_max_advance_width_agreement(): OK
### Optimize TTF HeadlandOne-Regular-OTF.ttf
$ ls -l 'HeadlandOne-Regular-OTF.ttf'* # look at the size savings of that subset process
HeadlandOne-Regular-OTF.ttf.opt: 65748 bytes
HeadlandOne-Regular-OTF.ttf: 70324 bytes
$ mv /home/travis/build/fontdirectory/headlandone/builds/build/HeadlandOne-Regular-OTF.ttf.opt /home/travis/build/fontdirectory/headlandone/builds/build/HeadlandOne-Regular-OTF.ttf
### Autohint TTFs (ttfautohint) HeadlandOne-Regular-OTF.ttf
bakery_lint.tests.downstream.test_fontforge_validation_state.FontForgeValidateStateTest.test_allowed_numbers_paths_in_composite_glyphs(): OK
bakery_lint.tests.downstream.test_fontforge_validation_state.FontForgeValidateStateTest.test_allowed_numbers_paths_in_glyphs(): OK
bakery_lint.tests.downstream.test_fontforge_validation_state.FontForgeValidateStateTest.test_allowed_numbers_points_in_composite_glyphs(): OK
bakery_lint.tests.downstream.test_fontforge_validation_state.FontForgeValidateStateTest.test_allowed_numbers_points_in_glyphs(): OK
bakery_lint.tests.downstream.test_fontforge_validation_state.FontForgeValidateStateTest.test_duplicate_glyphs(): OK
bakery_lint.tests.downstream.test_fontforge_validation_state.FontForgeValidateStateTest.test_duplicate_unicode_codepoints(): OK
bakery_lint.tests.downstream.test_fontforge_validation_state.FontForgeValidateStateTest.test_flipped_reference_in_glyphs(): OK
bakery_lint.tests.downstream.test_fontforge_validation_state.FontForgeValidateStateTest.test_missing_anchors(): OK
bakery_lint.tests.downstream.test_fontforge_validation_state.FontForgeValidateStateTest.test_missing_extrema_in_glyphs(): FAIL
bakery_lint.tests.downstream.test_fontforge_validation_state.FontForgeValidateStateTest.test_overlapped_hints(): OK
bakery_lint.tests.downstream.test_fontforge_validation_state.FontForgeValidateStateTest.test_points_are_integer_aligned(): OK
bakery_lint.tests.downstream.test_fontforge_validation_state.FontForgeValidateStateTest.test_points_are_not_too_far_apart(): OK
bakery_lint.tests.downstream.test_fontforge_validation_state.FontForgeValidateStateTest.test_postscript_hasnt_limit_hints_in_glyphs(): OK
bakery_lint.tests.downstream.test_fontforge_validation_state.FontForgeValidateStateTest.test_postscript_hasnt_limit_points_in_glyphs(): OK
bakery_lint.tests.downstream.test_fontforge_validation_state.FontForgeValidateStateTest.test_referenced_glyphs_are_present(): OK
bakery_lint.tests.downstream.test_fontforge_validation_state.FontForgeValidateStateTest.test_valid_glyph_names(): OK
bakery_lint.tests.downstream.test_fontforge_validation_state.FontForgeValidateStateTest.test_valid_length_instructions(): OK
bakery_lint.tests.downstream.test_fontforge_validation_state.FontForgeValidateStateTest.test_validation_glyph_intersect(): FAIL
bakery_lint.tests.downstream.test_fontforge_validation_state.FontForgeValidateStateTest.test_validation_open_contours(): OK
bakery_lint.tests.downstream.test_fontforge_validation_state.FontForgeValidateStateTest.test_wrong_direction_in_glyphs(): OK
bakery_lint.tests.downstream.test_gpos_table_has_kerning_info.CheckGposTableHasKerningInfo.test_gpos_table_has_kerning_info(): FAIL
bakery_lint.tests.downstream.test_check_font_tables.CheckFontHasDsigTable.test_check_font_has_dsig_table(): OK
bakery_lint.tests.downstream.test_check_font_tables.CheckFontHasNotKernTable.test_no_kern_table_exists(): OK
bakery_lint.tests.downstream.test_check_license_included.CheckLicenseIncluded.test_license_included_in_font_names(): OK
bakery_lint.tests.downstream.test_check_no_problematic_formats.CheckNoProblematicFormats.test_check_no_problematic_formats(): OK
bakery_lint.tests.downstream.test_check_full_font_name_begins_with_family_name.CheckFullFontNameBeginsWithFamilyName.test_check_full_font_name_begins_with_family_name(): OK
bakery_lint.tests.downstream.test_check_unused_glyph_data.CheckUnusedGlyphData.test_check_unused_glyph_data(): ERROR
bakery_lint.tests.downstream.test_check_panose_identification.CheckPanoseIdentification.test_check_panose_identification(): OK
bakery_lint.tests.downstream.test_check_names_same_across_platforms.CheckNamesSameAcrossPlatforms.test_check_names_same_across_platforms(): FAIL
bakery_lint.tests.downstream.test_check_glyph_existence.CheckGlyphExistence.test_euro(): OK
bakery_lint.tests.downstream.test_check_glyph_existence.CheckGlyphExistence.test_nbsp(): OK
bakery_lint.tests.downstream.test_check_glyph_existence.CheckGlyphExistence.test_space(): OK
bakery_lint.tests.downstream.test_gasp_table_value.CheckGaspTableType.test_check_gasp_table_type(): OK
$ bakery-gasp.py --set=15 /home/travis/build/fontdirectory/headlandone/builds/build/HeadlandOne-Regular-TTF.ttf
$ mv /home/travis/build/fontdirectory/headlandone/builds/build/HeadlandOne-Regular-TTF.ttf.fix /home/travis/build/fontdirectory/headlandone/builds/build/HeadlandOne-Regular-TTF.ttf
bakery_lint.tests.downstream.test_names_are_ascii_only.CheckNamesAreASCIIOnly.test_check_names_are_ascii_only(): FAIL
$ bakery-ascii-fix.py /home/travis/build/fontdirectory/headlandone/builds/build/HeadlandOne-Regular-TTF.ttf
$ mv /home/travis/build/fontdirectory/headlandone/builds/build/HeadlandOne-Regular-TTF.ttf.fix /home/travis/build/fontdirectory/headlandone/builds/build/HeadlandOne-Regular-TTF.ttf
bakery_lint.tests.downstream.test_names_are_ascii_only.CheckNamesAreASCIIOnly.test_check_names_are_ascii_only(): OK
bakery_lint.tests.downstream.test_check_os2_width_class.CheckOS2WidthClass.test_check_os2_width_class(): OK
bakery_lint.tests.downstream.test_check_fontname_matches_macstyle.CheckFontNameEqualToMacStyleFlags.test_fontname_is_equal_to_macstyle(): OK
bakery_lint.tests.downstream.test_check_italic_angle_agreement.CheckItalicAngleAgreement.test_check_italic_angle_agreement(): OK
bakery_lint.tests.downstream.test_check_hmtx_hhea_max_advance_width_agreement.CheckHmtxHheaMaxAdvanceWidthAgreement.test_check_hmtx_hhea_max_advance_width_agreement(): OK
$ ls -l /home/travis/build/fontdirectory/headlandone/builds/build/HeadlandOne-Regular-OTF.*ttf # look at the size savings of that subset process
/home/travis/build/fontdirectory/headlandone/builds/build/HeadlandOne-Regular-OTF.ttf: 65748 bytes
/home/travis/build/fontdirectory/headlandone/builds/build/HeadlandOne-Regular-OTF.autohint.ttf: 104036 bytes
$ mv /home/travis/build/fontdirectory/headlandone/builds/build/HeadlandOne-Regular-OTF.autohint.ttf /home/travis/build/fontdirectory/headlandone/builds/build/HeadlandOne-Regular-OTF.ttf
### Subset TTFs (pyftsubset) HeadlandOne-Regular-OTF.ttf
Generate HeadlandOne-Regular-OTF.latin
Generate HeadlandOne-Regular-OTF.menu
spaceWidth is    758
nbspWidth is     683
HeadlandOne-Regular-OTF.ttf.fix made with spaceWidth and nbspWidth of 758
strippedname:/home/travis/build/fontdirectory/headlandone/builds/build/HeadlandOne-Regular-OTF.ttf
### Optimize TTF HeadlandOne-Regular-TTF.ttf
$ ls -l 'HeadlandOne-Regular-TTF.ttf'* # look at the size savings of that subset process
HeadlandOne-Regular-TTF.ttf.opt: 37828 bytes
HeadlandOne-Regular-TTF.ttf: 42348 bytes
$ mv /home/travis/build/fontdirectory/headlandone/builds/build/HeadlandOne-Regular-TTF.ttf.opt /home/travis/build/fontdirectory/headlandone/builds/build/HeadlandOne-Regular-TTF.ttf
### Autohint TTFs (ttfautohint) HeadlandOne-Regular-TTF.ttf
$ ls -l /home/travis/build/fontdirectory/headlandone/builds/build/HeadlandOne-Regular-TTF.*ttf # look at the size savings of that subset process
/home/travis/build/fontdirectory/headlandone/builds/build/HeadlandOne-Regular-TTF.ttf: 37828 bytes
/home/travis/build/fontdirectory/headlandone/builds/build/HeadlandOne-Regular-TTF.autohint.ttf: 57724 bytes
$ mv /home/travis/build/fontdirectory/headlandone/builds/build/HeadlandOne-Regular-TTF.autohint.ttf /home/travis/build/fontdirectory/headlandone/builds/build/HeadlandOne-Regular-TTF.ttf
### Subset TTFs (pyftsubset) HeadlandOne-Regular-TTF.ttf
Generate HeadlandOne-Regular-TTF.latin
Generate HeadlandOne-Regular-TTF.menu
spaceWidth is    758
nbspWidth is     683
HeadlandOne-Regular-TTF.ttf.fix made with spaceWidth and nbspWidth of 758
strippedname:/home/travis/build/fontdirectory/headlandone/builds/build/HeadlandOne-Regular-TTF.ttf
{
  "name": "Headland One", 
  "designer": "Gary Lonergan", 
  "license": "OFL", 
  "visibility": "Sandbox", 
  "category": "Serif", 
  "size": 26762, 
  "fonts": [
    {
      "name": "HeadlandOne", 
      "postScriptName": "HeadlandOne-Regular", 
      "fullName": "HeadlandOne-Regular", 
      "style": "normal", 
      "weight": 400, 
      "filename": "HeadlandOne-Regular-OTF.ttf", 
      "copyright": "Copyright (c) 2011, Sorkin Type Co (www.sorkintype.com)\rwith Reserved Font Name \"Headland\".\r\rThis Font Software is licensed under the SIL Open Font License,\rVersion 1.1. This license is available with a FAQ at:\rhttp://scripts.sil.org/OFL"
    }, 
    {
      "name": "HeadlandOne", 
      "postScriptName": "HeadlandOne-Regular", 
      "fullName": "HeadlandOne-Regular", 
      "style": "normal", 
      "weight": 400, 
      "filename": "HeadlandOne-Regular-TTF.ttf", 
      "copyright": "Copyright (c) 2011, Sorkin Type Co (www.sorkintype.com)\nwith Reserved Font Name \"Headland\".\n\nThis Font Software is licensed under the SIL Open Font License,\nVersion 1.1. This license is available with a FAQ at:\nhttp://scripts.sil.org/OFL"
    }, 
    {
      "name": "HeadlandOne", 
      "postScriptName": "HeadlandOne-Regular", 
      "fullName": "HeadlandOne-Regular", 
      "style": "normal", 
      "weight": 400, 
      "filename": "HeadlandOne-Regular.ttf", 
      "copyright": "Copyright (c) 2011, Sorkin Type Co (www.sorkintype.com)\rwith Reserved Font Name \"Headland\".\r\rThis Font Software is licensed under the SIL Open Font License,\rVersion 1.1. This license is available with a FAQ at:\rhttp://scripts.sil.org/OFL"
    }
  ], 
  "subsets": [
    "latin"
  ], 
  "dateAdded": "2012-05-09"
}
